hi 
hello how ru ?
